// Jest Snapshot v1, https://goo.gl/fbAQLP

exports[`Deve renderizar o o-form-login, corretamente Deve manter a estrutura visual do componente 1`] = `
<form
  onSubmit={[Function]}
>
  <div
    className="m_input_label"
    data-testid="m-input-with-label-email"
  >
    <label
      className="a_label"
      data-testid="a-label"
      htmlFor="email"
    >
      Email
    </label>
    <input
      className="p-inputtext p-component a_input"
      data-pc-name="inputtext"
      data-pc-section="root"
      data-testid="a-input"
      name="email"
      onBeforeInput={[Function]}
      onInput={[Function]}
      onKeyDown={[Function]}
      onPaste={[Function]}
      placeholder="Informe o seu e-mail"
      type="email"
    />
  </div>
  <div
    className="m_input_label"
    data-testid="m-input-with-label-password"
  >
    <label
      className="a_label"
      data-testid="a-label"
      htmlFor="password"
    >
      Senha
    </label>
    <input
      className="p-inputtext p-component a_input"
      data-pc-name="inputtext"
      data-pc-section="root"
      data-testid="a-input"
      name="password"
      onBeforeInput={[Function]}
      onInput={[Function]}
      onKeyDown={[Function]}
      onPaste={[Function]}
      placeholder="Informe a sua senha"
      type="password"
    />
  </div>
  <button
    className="p-button p-component a_button"
    data-pc-name="button"
    data-pc-section="root"
    data-testid="a-button"
    disabled={false}
    type="submit"
  >
    Login
  </button>
</form>
`;
