// Jest Snapshot v1, https://goo.gl/fbAQLP

exports[`Deve renderizar o o-login-title, corretamente Deve preservar a estrutura visual do componente 1`] = `
<div>
  <div
    className="p-avatar p-component p-avatar-circle avatar"
    data-pc-name="avatar"
    data-pc-section="root"
    style={{}}
  >
    <span
      className="p-avatar-text avatar_label"
      data-pc-section="label"
    >
      @
    </span>
  </div>
  <h1
    className="title title_h1"
  >
    NextJS: Auth + JWT
  </h1>
</div>
`;
