// Jest Snapshot v1, https://goo.gl/fbAQLP

exports[`Deve renderizar a pagina de login, corretamente Deve preservar a estrutura visual da p-login 1`] = `
<main
  className="p_home"
  data-testid="p-home"
>
  <header
    className="o_header"
    data-testid="o-header"
  >
    <div
      className="p-avatar p-component p-avatar-image p-avatar-circle"
      data-pc-name="avatar"
      data-pc-section="root"
      data-testid="a-avatar"
      style={{}}
    >
      <img
        alt="avatar"
        data-pc-section="image"
        onError={[Function]}
        src="/images/a-avatar.jpeg"
      />
    </div>
  </header>
  <div
    className="t_login"
    data-testid="t-login"
    id="t-login"
  >
    <div
      className="o_loginTitle"
      data-testid="o-login-title"
    >
      <i
        className="a_icon pi pi-lock"
      />
      <h2
        className="a_title__h2"
        data-testid="a-title"
      />
      <p
        className="a_text__fwReg_fs16_gray500"
        data-testid="a-text"
      >
        Estamos felizes em vê-lo novamente! Insira suas credenciais para entrar.
      </p>
    </div>
    <form
      className="o_form_login"
      data-testid="o-login-form"
      onSubmit={[Function]}
    >
      <div
        className="m_input_label"
        data-testid="m-input-with-label-email"
      >
        <label
          className="a_label"
          data-testid="a-label"
          htmlFor="email"
        >
          Email
        </label>
        <input
          className="p-inputtext p-component"
          data-pc-name="inputtext"
          data-pc-section="root"
          data-testid="a-input-email"
          name="email"
          onBeforeInput={[Function]}
          onBlur={[Function]}
          onChange={[Function]}
          onInput={[Function]}
          onKeyDown={[Function]}
          onPaste={[Function]}
          placeholder="Endereço de e-mail"
          type="email"
          value=""
        />
      </div>
      <div
        className="m_input_label"
        data-testid="m-input-with-label-password"
      >
        <label
          className="a_label"
          data-testid="a-label"
          htmlFor="password"
        >
          Senha
        </label>
        <input
          className="p-inputtext p-component"
          data-pc-name="inputtext"
          data-pc-section="root"
          data-testid="a-input-password"
          name="password"
          onBeforeInput={[Function]}
          onBlur={[Function]}
          onChange={[Function]}
          onInput={[Function]}
          onKeyDown={[Function]}
          onPaste={[Function]}
          placeholder="Digite sua senha"
          type="password"
          value=""
        />
      </div>
      <div
        className="m_checkboxWithLabel"
        data-testid="m-checkboxWithLabel"
      >
        <div
          className="p-checkbox p-component"
          data-pc-name="checkbox"
          data-pc-section="root"
          data-testid="a-checkbox"
          id="a-checkbox"
          onBlur={[Function]}
          onClick={[Function]}
          onContextMenu={null}
          onMouseDown={null}
          style={{}}
        >
          <div
            className="p-hidden-accessible"
            data-pc-section="hiddeninputwrapper"
          >
            <input
              data-pc-section="hiddeninput"
              defaultChecked={false}
              disabled={false}
              id={null}
              name="manter_logado"
              onBlur={[Function]}
              onFocus={[Function]}
              onKeyDown={[Function]}
              readOnly={false}
              required={false}
              tabIndex={null}
              type="checkbox"
            />
          </div>
          <div
            className="p-checkbox-box"
            data-p-disabled={false}
            data-p-focus={false}
            data-p-highlight={false}
            data-pc-section="input"
          />
        </div>
        <label
          className="a_label"
          data-testid="a-label"
          onClick={[Function]}
        >
          Mantenha-me conectado.
        </label>
      </div>
      <button
        className="a_button__gradient p-button p-component"
        data-pc-name="button"
        data-pc-section="root"
        data-testid="a-button"
        disabled={false}
        type="submit"
      >
        Entrar
      </button>
    </form>
  </div>
</main>
`;
