// Jest Snapshot v1, https://goo.gl/fbAQLP

exports[`Deve renderizar o a-input corretamente. 1`] = `
<input
  className="p-inputtext p-component a_input"
  data-pc-name="inputtext"
  data-pc-section="root"
  data-testid="a-input"
  onBeforeInput={[Function]}
  onInput={[Function]}
  onKeyDown={[Function]}
  onPaste={[Function]}
/>
`;
