// Jest Snapshot v1, https://goo.gl/fbAQLP

exports[`Deve renderizar o Header corretamente Deve preservar a estrutura visual do componente 1`] = `
<header
  className="o_header"
  data-testid="o-header"
>
  <div
    className="p-avatar p-component p-avatar-image p-avatar-circle"
    data-pc-name="avatar"
    data-pc-section="root"
    data-testid="a-avatar"
    style={{}}
  >
    <img
      alt="avatar"
      data-pc-section="image"
      onError={[Function]}
      src="/images/a-avatar.jpeg"
    />
  </div>
</header>
`;
