// Jest Snapshot v1, https://goo.gl/fbAQLP

exports[`Deve renderizar o template 401 corretamente Deve preservar a estrutura do template 401 1`] = `
<main
  data-testid="t-401"
>
  <p
    className="a_text__fwSb_fs16_primary"
    data-testid="a-text"
  >
    401
  </p>
  <h1
    className="a_title__h1"
    data-testid="a-title"
  >
    Acesso não autorizado
  </h1>
  <p
    className="a_text__fwReg_fs16_gray500"
    data-testid="a-text"
  >
    Desculpe, você não tem permissão para acessar esta página. Por favor, verifique suas credenciais ou entre em contato com o suporte se precisar de assistência.
  </p>
  <button
    className="a_button__gradient p-button p-component"
    data-pc-name="button"
    data-pc-section="root"
    data-testid="a-button"
    disabled={false}
    onClick={[Function]}
  >
    Faça Login
  </button>
</main>
`;
