// Jest Snapshot v1, https://goo.gl/fbAQLP

exports[`Deve renderizar o CheckboxWithLabel, corretamente. Deve manter a estrutura visual do componente 1`] = `
<form
  action="#"
  onReset={[Function]}
  onSubmit={[Function]}
>
  <div
    className="checkboxWithLabel"
    data-testid="checkboxWithLabel-testid"
  >
    <div
      className="p-checkbox p-component"
      data-pc-name="checkbox"
      data-pc-section="root"
      data-testid="input-manter_logado-testid"
      id="checkbox"
      onBlur={[Function]}
      onClick={[Function]}
      onContextMenu={null}
      onMouseDown={null}
      style={{}}
    >
      <div
        className="p-hidden-accessible"
        data-pc-section="hiddeninputwrapper"
      >
        <input
          data-pc-section="hiddeninput"
          defaultChecked={false}
          disabled={false}
          id={null}
          name="manter_logado"
          onBlur={[Function]}
          onFocus={[Function]}
          onKeyDown={[Function]}
          readOnly={false}
          required={false}
          tabIndex={null}
          type="checkbox"
        />
      </div>
      <div
        className="p-checkbox-box"
        data-p-disabled={false}
        data-p-focus={false}
        data-p-highlight={false}
        data-pc-section="input"
      />
    </div>
    <label
      className="label"
      data-testid="label-manter_logado-testid"
      onClick={[Function]}
    />
  </div>
</form>
`;
