// Jest Snapshot v1, https://goo.gl/fbAQLP

exports[`Deve renderizar o t-login, corretamente Deve preservar a estrutura visual do componente 1`] = `
<div
  className="t_login"
  data-testid="t-login"
  id="t-login"
>
  <div
    className="o_loginTitle"
    data-testid="o-login-title"
  >
    <div
      className="p-avatar p-component p-avatar-circle avatar"
      data-pc-name="avatar"
      data-pc-section="root"
      data-testid="a-avatar"
      style={{}}
    />
    <h1
      className="a_title"
      data-testid="a-title"
    />
    <p
      className="a_text"
      data-testid="a-text"
    />
  </div>
  <form
    className="o_form_login"
    data-testid="o-login-form"
    onSubmit={[Function]}
  >
    <div
      className="m_input_label"
      data-testid="m-input-with-label-email"
    >
      <label
        className="a_label"
        data-testid="a-label"
        htmlFor="email"
      >
        Email
      </label>
      <input
        className="p-inputtext p-component a_input"
        data-pc-name="inputtext"
        data-pc-section="root"
        data-testid="a-input"
        name="email"
        onBeforeInput={[Function]}
        onBlur={[Function]}
        onChange={[Function]}
        onInput={[Function]}
        onKeyDown={[Function]}
        onPaste={[Function]}
        placeholder="Informe o seu e-mail"
        type="email"
        value=""
      />
    </div>
    <div
      className="m_input_label"
      data-testid="m-input-with-label-password"
    >
      <label
        className="a_label"
        data-testid="a-label"
        htmlFor="password"
      >
        Senha
      </label>
      <input
        className="p-inputtext p-component a_input"
        data-pc-name="inputtext"
        data-pc-section="root"
        data-testid="a-input"
        name="password"
        onBeforeInput={[Function]}
        onBlur={[Function]}
        onChange={[Function]}
        onInput={[Function]}
        onKeyDown={[Function]}
        onPaste={[Function]}
        placeholder="Informe a sua senha"
        type="password"
        value=""
      />
    </div>
    <div
      className="m_checkboxWithLabel"
      data-testid="m-checkboxWithLabel"
    >
      <div
        className="p-checkbox"
        data-pc-name="checkbox"
        data-pc-section="root"
        data-testid="a-checkbox"
        id={null}
        onClick={[Function]}
        onContextMenu={null}
        onMouseDown={null}
        style={
          {
            "margin": "var(--spacing-4) 0",
          }
        }
      >
        <div
          className="p-hidden-accessible"
          data-pc-section="hiddeninputwrapper"
        >
          <input
            data-pc-section="hiddeninput"
            data-testid="a-checkbox-input"
            defaultChecked={false}
            disabled={false}
            id={null}
            name={null}
            onBlur={[Function]}
            onFocus={[Function]}
            onKeyDown={[Function]}
            readOnly={false}
            required={false}
            tabIndex={null}
            type="checkbox"
          />
        </div>
        <div
          className="p-checkbox-box"
          data-p-disabled={false}
          data-p-focus={false}
          data-p-highlight={false}
          data-pc-section="input"
        />
      </div>
      <label
        className="a_label"
        data-testid="a-label"
        htmlFor="a-checkbox"
        onClick={[Function]}
      >
        Manter-me conectado por 30 dias.
      </label>
    </div>
    <button
      className="p-button p-component a_button"
      data-pc-name="button"
      data-pc-section="root"
      data-testid="a-button"
      disabled={false}
      type="submit"
    >
      Login
    </button>
  </form>
</div>
`;
